nohup: ignoring input
Dataset : co_rot
Cases   : 1125  |  parallel workers: 40
Estimated time: 0.9 h @ 2 min/case with 40 workers

Skipping 978 already-completed cases
Cases to run: 147
[968/1125] START u900_s0.60_a-20_r1050
[972/1125] START u750_s0.60_a-20_r1200
[989/1125] START u1050_s0.60_a-10_r900
[974/1125] START u1050_s0.60_a-20_r1200
[975/1125] START u1200_s0.60_a-20_r1200
[1004/1125] START u1050_s0.60_a000_r600
[982/1125] START u750_s0.60_a-10_r750
[983/1125] START u900_s0.60_a-10_r750
[1017/1125] START u750_s0.60_a000_r1050
[984/1125] START u1050_s0.60_a-10_r750
[985/1125] START u1200_s0.60_a-10_r750
[988/1125] START u900_s0.60_a-10_r900
[987/1125] START u750_s0.60_a-10_r900
[990/1125] START u1200_s0.60_a-10_r900
[991/1125] START u600_s0.60_a-10_r1050
[992/1125] START u750_s0.60_a-10_r1050
[993/1125] START u900_s0.60_a-10_r1050
[994/1125] START u1050_s0.60_a-10_r1050
[995/1125] START u1200_s0.60_a-10_r1050
[996/1125] START u600_s0.60_a-10_r1200
[997/1125] START u750_s0.60_a-10_r1200
[998/1125] START u900_s0.60_a-10_r1200
[999/1125] START u1050_s0.60_a-10_r1200
[1000/1125] START u1200_s0.60_a-10_r1200
[1001/1125] START u600_s0.60_a000_r600
[1002/1125] START u750_s0.60_a000_r600
[1003/1125] START u900_s0.60_a000_r600
[1005/1125] START u1200_s0.60_a000_r600
[1006/1125] START u600_s0.60_a000_r750
[1007/1125] START u750_s0.60_a000_r750
[1009/1125] START u1050_s0.60_a000_r750
[1008/1125] START u900_s0.60_a000_r750
[1010/1125] START u1200_s0.60_a000_r750
[1011/1125] START u600_s0.60_a000_r900
[1013/1125] START u900_s0.60_a000_r900
[1012/1125] START u750_s0.60_a000_r900
[1014/1125] START u1050_s0.60_a000_r900
[1016/1125] START u600_s0.60_a000_r1050
[1015/1125] START u1200_s0.60_a000_r900
[1018/1125] START u900_s0.60_a000_r1050
[996/1125] DONE  u600_s0.60_a-10_r1200  T=34.9N  Tu=6.1N  Tl=28.9N  P=262W  t=933s
[1019/1125] START u1050_s0.60_a000_r1050
[1016/1125] DONE  u600_s0.60_a000_r1050  T=24.9N  Tu=5.4N  Tl=19.6N  P=188W  t=960s
[1020/1125] START u1200_s0.60_a000_r1050
[998/1125] DONE  u900_s0.60_a-10_r1200  T=39.4N  Tu=12.2N  Tl=27.1N  P=317W  t=1053s
[1021/1125] START u600_s0.60_a000_r1200
[1011/1125] DONE  u600_s0.60_a000_r900  T=19.3N  Tu=5.6N  Tl=13.7N  P=127W  t=1080s
[1022/1125] START u750_s0.60_a000_r1200
[997/1125] DONE  u750_s0.60_a-10_r1200  T=37.0N  Tu=8.3N  Tl=28.7N  P=285W  t=1094s
[1023/1125] START u900_s0.60_a000_r1200
[1003/1125] DONE  u900_s0.60_a000_r600  T=17.1N  Tu=13.2N  Tl=3.8N  P=122W  t=1241s
[1024/1125] START u1050_s0.60_a000_r1200
[1004/1125] DONE  u1050_s0.60_a000_r600  T=20.7N  Tu=18.0N  Tl=2.8N  P=177W  t=1250s
[1025/1125] START u1200_s0.60_a000_r1200
[991/1125] DONE  u600_s0.60_a-10_r1050  T=27.7N  Tu=5.5N  Tl=22.3N  P=185W  t=1276s
[1026/1125] START u600_s0.60_a010_r600
[985/1125] DONE  u1200_s0.60_a-10_r750  T=30.4N  Tu=23.1N  Tl=7.4N  P=280W  t=1280s
[1027/1125] START u750_s0.60_a010_r600
[1005/1125] DONE  u1200_s0.60_a000_r600  T=25.1N  Tu=23.5N  Tl=1.6N  P=249W  t=1283s
[1028/1125] START u900_s0.60_a010_r600
[984/1125] DONE  u1050_s0.60_a-10_r750  T=26.2N  Tu=17.6N  Tl=8.6N  P=207W  t=1301s
[1029/1125] START u1050_s0.60_a010_r600
[1010/1125] DONE  u1200_s0.60_a000_r750  T=28.9N  Tu=23.5N  Tl=5.3N  P=277W  t=1308s
[1030/1125] START u1200_s0.60_a010_r600
[992/1125] DONE  u750_s0.60_a-10_r1050  T=29.7N  Tu=8.4N  Tl=21.3N  P=206W  t=1312s
[1031/1125] START u600_s0.60_a010_r750
[1009/1125] DONE  u1050_s0.60_a000_r750  T=24.7N  Tu=18.0N  Tl=6.6N  P=205W  t=1314s
[1032/1125] START u750_s0.60_a010_r750
[1002/1125] DONE  u750_s0.60_a000_r600  T=14.0N  Tu=9.2N  Tl=4.8N  P=83W  t=1332s
[1033/1125] START u900_s0.60_a010_r750
[990/1125] DONE  u1200_s0.60_a-10_r900  T=35.9N  Tu=23.0N  Tl=12.9N  P=323W  t=1337s
[1034/1125] START u1050_s0.60_a010_r750
[1015/1125] DONE  u1200_s0.60_a000_r900  T=33.7N  Tu=23.6N  Tl=10.2N  P=319W  t=1342s
[1035/1125] START u1200_s0.60_a010_r750
[999/1125] DONE  u1050_s0.60_a-10_r1200  T=43.9N  Tu=17.2N  Tl=26.7N  P=376W  t=1355s
[1036/1125] START u600_s0.60_a010_r900
[987/1125] DONE  u750_s0.60_a-10_r900  T=23.7N  Tu=8.7N  Tl=15.0N  P=150W  t=1363s
[1037/1125] START u750_s0.60_a010_r900
[993/1125] DONE  u900_s0.60_a-10_r1050  T=33.0N  Tu=12.6N  Tl=20.4N  P=246W  t=1372s
[1038/1125] START u900_s0.60_a010_r900
[1008/1125] DONE  u900_s0.60_a000_r750  T=21.1N  Tu=13.2N  Tl=7.9N  P=150W  t=1383s
[1039/1125] START u1050_s0.60_a010_r900
[983/1125] DONE  u900_s0.60_a-10_r750  T=22.5N  Tu=12.9N  Tl=9.6N  P=152W  t=1384s
[1040/1125] START u1200_s0.60_a010_r900
[989/1125] DONE  u1050_s0.60_a-10_r900  T=31.7N  Tu=17.5N  Tl=14.1N  P=249W  t=1407s
[1041/1125] START u600_s0.60_a010_r1050
[982/1125] DONE  u750_s0.60_a-10_r750  T=19.2N  Tu=8.9N  Tl=10.3N  P=111W  t=1414s
[1042/1125] START u750_s0.60_a010_r1050
[1014/1125] DONE  u1050_s0.60_a000_r900  T=29.6N  Tu=18.0N  Tl=11.6N  P=246W  t=1425s
[1043/1125] START u900_s0.60_a010_r1050
[995/1125] DONE  u1200_s0.60_a-10_r1050  T=42.3N  Tu=22.9N  Tl=19.4N  P=380W  t=1432s
[1044/1125] START u1050_s0.60_a010_r1050
[988/1125] DONE  u900_s0.60_a-10_r900  T=27.6N  Tu=12.8N  Tl=14.8N  P=192W  t=1475s
[1045/1125] START u1200_s0.60_a010_r1050
[1007/1125] DONE  u750_s0.60_a000_r750  T=17.9N  Tu=9.1N  Tl=8.8N  P=111W  t=1496s
[1046/1125] START u600_s0.60_a010_r1200
[1000/1125] DONE  u1200_s0.60_a-10_r1200  T=49.3N  Tu=22.9N  Tl=26.4N  P=455W  t=1500s
[1047/1125] START u750_s0.60_a010_r1200
[994/1125] DONE  u1050_s0.60_a-10_r1050  T=37.7N  Tu=17.5N  Tl=20.2N  P=305W  t=1501s
[1048/1125] START u900_s0.60_a010_r1200
[1006/1125] DONE  u600_s0.60_a000_r750  T=15.0N  Tu=5.7N  Tl=9.2N  P=85W  t=1509s
[1049/1125] START u1050_s0.60_a010_r1200
[975/1125] DONE  u1200_s0.60_a-20_r1200  T=46.2N  Tu=23.3N  Tl=22.9N  P=468W  t=1513s
[1050/1125] START u1200_s0.60_a010_r1200
[1001/1125] DONE  u600_s0.60_a000_r600  T=11.4N  Tu=5.8N  Tl=5.6N  P=57W  t=1519s
[1051/1125] START u600_s0.60_a020_r600
[1013/1125] DONE  u900_s0.60_a000_r900  T=25.8N  Tu=13.1N  Tl=12.7N  P=192W  t=1531s
[1052/1125] START u750_s0.60_a020_r600
[968/1125] DONE  u900_s0.60_a-20_r1050  T=31.7N  Tu=13.1N  Tl=18.6N  P=261W  t=1828s
[1053/1125] START u900_s0.60_a020_r600
[974/1125] DONE  u1050_s0.60_a-20_r1200  T=42.0N  Tu=17.9N  Tl=24.2N  P=398W  t=1864s
[1054/1125] START u1050_s0.60_a020_r600
[1018/1125] DONE  u900_s0.60_a000_r1050  T=31.0N  Tu=13.1N  Tl=17.9N  P=251W  t=1889s
[1055/1125] START u1200_s0.60_a020_r600
[1012/1125] DONE  u750_s0.60_a000_r900  T=22.3N  Tu=9.0N  Tl=13.2N  P=153W  t=1915s
[1056/1125] START u600_s0.60_a020_r750
[1022/1125] DONE  u750_s0.60_a000_r1200  T=33.6N  Tu=8.5N  Tl=25.1N  P=290W  t=982s
[1057/1125] START u750_s0.60_a020_r750
[1021/1125] DONE  u600_s0.60_a000_r1200  T=31.9N  Tu=5.8N  Tl=26.1N  P=272W  t=1015s
[1058/1125] START u900_s0.60_a020_r750
[972/1125] DONE  u750_s0.60_a-20_r1200  T=34.5N  Tu=8.7N  Tl=25.8N  P=307W  t=2209s
[1059/1125] START u1050_s0.60_a020_r750
[1020/1125] DONE  u1200_s0.60_a000_r1050  T=39.5N  Tu=23.5N  Tl=16.0N  P=377W  t=1602s
[1060/1125] START u1200_s0.60_a020_r750
[1041/1125] DONE  u600_s0.60_a010_r1050  T=21.9N  Tu=4.6N  Tl=17.3N  P=175W  t=1244s
[1061/1125] START u600_s0.60_a020_r900
[1017/1125] DONE  u750_s0.60_a000_r1050  T=27.3N  Tu=8.9N  Tl=18.4N  P=211W  t=2739s
[1062/1125] START u750_s0.60_a020_r900
[1046/1125] DONE  u600_s0.60_a010_r1200  T=28.0N  Tu=4.6N  Tl=23.4N  P=255W  t=1315s
[1063/1125] START u900_s0.60_a020_r900
[1019/1125] DONE  u1050_s0.60_a000_r1050  T=35.2N  Tu=18.0N  Tl=17.2N  P=306W  t=1984s
[1064/1125] START u1050_s0.60_a020_r900
[1025/1125] DONE  u1200_s0.60_a000_r1200  T=46.0N  Tu=23.5N  Tl=22.5N  P=456W  t=2025s
[1065/1125] START u1200_s0.60_a020_r900
[1024/1125] DONE  u1050_s0.60_a000_r1200  T=41.2N  Tu=17.9N  Tl=23.4N  P=383W  t=2129s
[1066/1125] START u600_s0.60_a020_r1050
[1047/1125] DONE  u750_s0.60_a010_r1200  T=29.1N  Tu=7.1N  Tl=21.9N  P=269W  t=2401s
[1067/1125] START u750_s0.60_a020_r1050
[1023/1125] DONE  u900_s0.60_a000_r1200  T=36.8N  Tu=12.9N  Tl=23.9N  P=327W  t=2911s
[1068/1125] START u900_s0.60_a020_r1050
[1028/1125] DONE  u900_s0.60_a010_r600  T=13.0N  Tu=10.6N  Tl=2.5N  P=103W  t=2973s
[1069/1125] START u1050_s0.60_a020_r1050
[1026/1125] DONE  u600_s0.60_a010_r600  T=8.9N  Tu=4.6N  Tl=4.3N  P=49W  t=3019s
[1070/1125] START u1200_s0.60_a020_r1050
[1031/1125] DONE  u600_s0.60_a010_r750  T=12.3N  Tu=4.5N  Tl=7.7N  P=76W  t=3001s
[1071/1125] START u600_s0.60_a020_r1200
[1032/1125] DONE  u750_s0.60_a010_r750  T=14.0N  Tu=7.2N  Tl=6.8N  P=96W  t=3001s
[1072/1125] START u750_s0.60_a020_r1200
[1027/1125] DONE  u750_s0.60_a010_r600  T=10.8N  Tu=7.3N  Tl=3.5N  P=71W  t=3039s
[1073/1125] START u900_s0.60_a020_r1200
[1036/1125] DONE  u600_s0.60_a010_r900  T=16.6N  Tu=4.5N  Tl=12.0N  P=117W  t=2985s
[1074/1125] START u1050_s0.60_a020_r1200
[1030/1125] DONE  u1200_s0.60_a010_r600  T=19.2N  Tu=19.0N  Tl=0.2N  P=210W  t=3032s
[1075/1125] START u1200_s0.60_a020_r1200
[1029/1125] DONE  u1050_s0.60_a010_r600  T=15.8N  Tu=14.5N  Tl=1.4N  P=148W  t=3051s
[1076/1125] START u600_s0.60_a045_r600
[1037/1125] DONE  u750_s0.60_a010_r900  T=18.0N  Tu=7.1N  Tl=10.9N  P=135W  t=2998s
[1077/1125] START u750_s0.60_a045_r600
[1033/1125] DONE  u900_s0.60_a010_r750  T=16.2N  Tu=10.5N  Tl=5.8N  P=128W  t=3030s
[1078/1125] START u900_s0.60_a045_r600
[1034/1125] DONE  u1050_s0.60_a010_r750  T=18.9N  Tu=14.4N  Tl=4.5N  P=173W  t=3043s
[1079/1125] START u1050_s0.60_a045_r600
[1038/1125] DONE  u900_s0.60_a010_r900  T=20.2N  Tu=10.3N  Tl=9.8N  P=166W  t=3027s
[1080/1125] START u1200_s0.60_a045_r600
[1035/1125] DONE  u1200_s0.60_a010_r750  T=22.1N  Tu=18.9N  Tl=3.2N  P=233W  t=3059s
[1081/1125] START u600_s0.60_a045_r750
[1040/1125] DONE  u1200_s0.60_a010_r900  T=25.9N  Tu=18.7N  Tl=7.2N  P=270W  t=3040s
[1082/1125] START u750_s0.60_a045_r750
[1042/1125] DONE  u750_s0.60_a010_r1050  T=23.0N  Tu=7.1N  Tl=15.9N  P=192W  t=3010s
[1083/1125] START u900_s0.60_a045_r750
[1044/1125] DONE  u1050_s0.60_a010_r1050  T=27.5N  Tu=14.1N  Tl=13.4N  P=263W  t=2995s
[1084/1125] START u1050_s0.60_a045_r750
[1039/1125] DONE  u1050_s0.60_a010_r900  T=22.9N  Tu=14.3N  Tl=8.6N  P=210W  t=3050s
[1085/1125] START u1200_s0.60_a045_r750
[1043/1125] DONE  u900_s0.60_a010_r1050  T=25.0N  Tu=10.3N  Tl=14.7N  P=220W  t=3017s
[1086/1125] START u600_s0.60_a045_r900
[1045/1125] DONE  u1200_s0.60_a010_r1050  T=30.6N  Tu=18.6N  Tl=12.0N  P=322W  t=3034s
[1087/1125] START u750_s0.60_a045_r900
[1051/1125] DONE  u600_s0.60_a020_r600  T=9.0N  Tu=4.6N  Tl=4.3N  P=50W  t=3006s
[1088/1125] START u900_s0.60_a045_r900
[1048/1125] DONE  u900_s0.60_a010_r1200  T=30.6N  Tu=10.2N  Tl=20.4N  P=295W  t=3029s
[1089/1125] START u1050_s0.60_a045_r900
[1049/1125] DONE  u1050_s0.60_a010_r1200  T=33.0N  Tu=14.0N  Tl=19.0N  P=336W  t=3032s
[1090/1125] START u1200_s0.60_a045_r900
[1050/1125] DONE  u1200_s0.60_a010_r1200  T=35.9N  Tu=18.4N  Tl=17.5N  P=393W  t=3042s
[1091/1125] START u600_s0.60_a045_r1050
[1052/1125] DONE  u750_s0.60_a020_r600  T=10.7N  Tu=7.3N  Tl=3.4N  P=72W  t=3057s
[1092/1125] START u750_s0.60_a045_r1050
[1054/1125] DONE  u1050_s0.60_a020_r600  T=15.8N  Tu=14.5N  Tl=1.3N  P=150W  t=3012s
[1093/1125] START u900_s0.60_a045_r1050
[1053/1125] DONE  u900_s0.60_a020_r600  T=13.0N  Tu=10.6N  Tl=2.4N  P=104W  t=3050s
[1094/1125] START u1050_s0.60_a045_r1050
[1056/1125] DONE  u600_s0.60_a020_r750  T=12.4N  Tu=4.6N  Tl=7.8N  P=77W  t=3002s
[1095/1125] START u1200_s0.60_a045_r1050
[1055/1125] DONE  u1200_s0.60_a020_r600  T=19.2N  Tu=19.1N  Tl=0.1N  P=212W  t=3041s
[1096/1125] START u600_s0.60_a045_r1200
[1057/1125] DONE  u750_s0.60_a020_r750  T=14.1N  Tu=7.3N  Tl=6.8N  P=98W  t=2976s
[1097/1125] START u750_s0.60_a045_r1200
[1058/1125] DONE  u900_s0.60_a020_r750  T=16.1N  Tu=10.5N  Tl=5.6N  P=130W  t=2992s
[1098/1125] START u900_s0.60_a045_r1200
[1059/1125] DONE  u1050_s0.60_a020_r750  T=18.8N  Tu=14.4N  Tl=4.4N  P=175W  t=3030s
[1099/1125] START u1050_s0.60_a045_r1200
[1060/1125] DONE  u1200_s0.60_a020_r750  T=21.9N  Tu=18.9N  Tl=3.0N  P=235W  t=3003s
[1100/1125] START u1200_s0.60_a045_r1200
[1061/1125] DONE  u600_s0.60_a020_r900  T=16.7N  Tu=4.6N  Tl=12.1N  P=118W  t=2984s
[1101/1125] START u600_s0.60_a090_r600
[1078/1125] DONE  u900_s0.60_a045_r600  T=17.7N  Tu=13.1N  Tl=4.6N  P=127W  t=1340s
[1102/1125] START u750_s0.60_a090_r600
[1077/1125] DONE  u750_s0.60_a045_r600  T=14.8N  Tu=9.2N  Tl=5.6N  P=87W  t=1343s
[1103/1125] START u900_s0.60_a090_r600
[1080/1125] DONE  u1200_s0.60_a045_r600  T=25.9N  Tu=23.4N  Tl=2.5N  P=259W  t=1322s
[1104/1125] START u1050_s0.60_a090_r600
[1062/1125] DONE  u750_s0.60_a020_r900  T=18.3N  Tu=7.2N  Tl=11.0N  P=138W  t=2997s
[1105/1125] START u1200_s0.60_a090_r600
[1079/1125] DONE  u1050_s0.60_a045_r600  T=21.4N  Tu=17.9N  Tl=3.6N  P=183W  t=1360s
[1106/1125] START u600_s0.60_a090_r750
[1063/1125] DONE  u900_s0.60_a020_r900  T=20.3N  Tu=10.5N  Tl=9.8N  P=169W  t=2979s
[1107/1125] START u750_s0.60_a090_r750
[1083/1125] DONE  u900_s0.60_a045_r750  T=22.3N  Tu=13.2N  Tl=9.1N  P=158W  t=1366s
[1108/1125] START u900_s0.60_a090_r750
[1076/1125] DONE  u600_s0.60_a045_r600  T=12.4N  Tu=5.8N  Tl=6.6N  P=61W  t=1441s
[1109/1125] START u1050_s0.60_a090_r750
[1082/1125] DONE  u750_s0.60_a045_r750  T=19.4N  Tu=9.1N  Tl=10.3N  P=120W  t=1378s
[1110/1125] START u1200_s0.60_a090_r750
[1085/1125] DONE  u1200_s0.60_a045_r750  T=29.9N  Tu=23.4N  Tl=6.6N  P=287W  t=1370s
[1111/1125] START u600_s0.60_a090_r900
[1084/1125] DONE  u1050_s0.60_a045_r750  T=25.8N  Tu=17.9N  Tl=7.9N  P=213W  t=1391s
[1112/1125] START u750_s0.60_a090_r900
[1064/1125] DONE  u1050_s0.60_a020_r900  T=22.7N  Tu=14.3N  Tl=8.4N  P=213W  t=2931s
[1113/1125] START u900_s0.60_a090_r900
[1071/1125] DONE  u600_s0.60_a020_r1200  T=27.8N  Tu=4.4N  Tl=23.4N  P=254W  t=1606s
[1114/1125] START u1050_s0.60_a090_r900
[1089/1125] DONE  u1050_s0.60_a045_r900  T=31.4N  Tu=18.0N  Tl=13.4N  P=260W  t=1390s
[1115/1125] START u1200_s0.60_a090_r900
[1088/1125] DONE  u900_s0.60_a045_r900  T=28.0N  Tu=13.1N  Tl=14.8N  P=207W  t=1400s
[1116/1125] START u600_s0.60_a090_r1050
[1081/1125] DONE  u600_s0.60_a045_r750  T=17.0N  Tu=5.7N  Tl=11.4N  P=96W  t=1536s
[1117/1125] START u750_s0.60_a090_r1050
[1086/1125] DONE  u600_s0.60_a045_r900  T=22.8N  Tu=5.5N  Tl=17.3N  P=148W  t=1514s
[1118/1125] START u900_s0.60_a090_r1050
[1090/1125] DONE  u1200_s0.60_a045_r900  T=35.4N  Tu=23.5N  Tl=11.9N  P=333W  t=1438s
[1119/1125] START u1050_s0.60_a090_r1050
[1091/1125] DONE  u600_s0.60_a045_r1050  T=29.6N  Tu=5.3N  Tl=24.2N  P=221W  t=1438s
[1120/1125] START u1200_s0.60_a090_r1050
[1087/1125] DONE  u750_s0.60_a045_r900  T=25.0N  Tu=8.9N  Tl=16.1N  P=170W  t=1592s
[1121/1125] START u600_s0.60_a090_r1200
[1092/1125] DONE  u750_s0.60_a045_r1050  T=31.8N  Tu=8.7N  Tl=23.1N  P=243W  t=1553s
[1122/1125] START u750_s0.60_a090_r1200
[1065/1125] DONE  u1200_s0.60_a020_r900  T=25.7N  Tu=18.8N  Tl=6.9N  P=273W  t=2952s
[1123/1125] START u900_s0.60_a090_r1200
[1094/1125] DONE  u1050_s0.60_a045_r1050  T=38.1N  Tu=17.9N  Tl=20.2N  P=328W  t=1402s
[1124/1125] START u1050_s0.60_a090_r1200
[1095/1125] DONE  u1200_s0.60_a045_r1050  T=42.1N  Tu=23.5N  Tl=18.6N  P=399W  t=1414s
[1125/1125] START u1200_s0.60_a090_r1200
[1066/1125] DONE  u600_s0.60_a020_r1050  T=21.8N  Tu=4.5N  Tl=17.3N  P=176W  t=2981s
[1096/1125] DONE  u600_s0.60_a045_r1200  T=37.4N  Tu=5.3N  Tl=32.2N  P=318W  t=1456s
[1093/1125] DONE  u900_s0.60_a045_r1050  T=34.6N  Tu=12.9N  Tl=21.7N  P=277W  t=1644s
[1097/1125] DONE  u750_s0.60_a045_r1200  T=39.7N  Tu=8.5N  Tl=31.2N  P=340W  t=1512s
[1098/1125] DONE  u900_s0.60_a045_r1200  T=42.4N  Tu=12.6N  Tl=29.8N  P=373W  t=1616s
[1067/1125] DONE  u750_s0.60_a020_r1050  T=23.4N  Tu=7.2N  Tl=16.2N  P=195W  t=2867s
[1099/1125] DONE  u1050_s0.60_a045_r1200  T=45.8N  Tu=17.6N  Tl=28.2N  P=421W  t=1603s
[1100/1125] DONE  u1200_s0.60_a045_r1200  T=49.8N  Tu=23.4N  Tl=26.4N  P=489W  t=1329s
[1068/1125] DONE  u900_s0.60_a020_r1050  T=25.3N  Tu=10.5N  Tl=14.8N  P=225W  t=2892s
[1070/1125] DONE  u1200_s0.60_a020_r1050  T=30.4N  Tu=18.7N  Tl=11.7N  P=327W  t=2739s
[1069/1125] DONE  u1050_s0.60_a020_r1050  T=27.6N  Tu=14.3N  Tl=13.3N  P=268W  t=2779s
[1073/1125] DONE  u900_s0.60_a020_r1200  T=31.1N  Tu=10.4N  Tl=20.7N  P=301W  t=2730s
[1075/1125] DONE  u1200_s0.60_a020_r1200  T=36.1N  Tu=18.7N  Tl=17.4N  P=400W  t=2733s
[1072/1125] DONE  u750_s0.60_a020_r1200  T=29.2N  Tu=7.1N  Tl=22.1N  P=272W  t=2782s
[1074/1125] DONE  u1050_s0.60_a020_r1200  T=33.4N  Tu=14.3N  Tl=19.2N  P=343W  t=2780s
[1101/1125] DONE  u600_s0.60_a090_r600  T=10.7N  Tu=5.7N  Tl=5.0N  P=54W  t=1526s
[1118/1125] DONE  u900_s0.60_a090_r1050  T=29.0N  Tu=12.5N  Tl=16.5N  P=235W  t=1234s
[1103/1125] DONE  u900_s0.60_a090_r600  T=16.5N  Tu=13.3N  Tl=3.1N  P=117W  t=1588s
[1109/1125] DONE  u1050_s0.60_a090_r750  T=23.6N  Tu=18.1N  Tl=5.6N  P=195W  t=1543s
[1102/1125] DONE  u750_s0.60_a090_r600  T=13.3N  Tu=9.2N  Tl=4.1N  P=79W  t=1640s
[1107/1125] DONE  u750_s0.60_a090_r750  T=16.7N  Tu=8.9N  Tl=7.8N  P=105W  t=1565s
[1113/1125] DONE  u900_s0.60_a090_r900  T=24.1N  Tu=12.9N  Tl=11.2N  P=180W  t=1509s
[1124/1125] DONE  u1050_s0.60_a090_r1200  T=38.5N  Tu=17.1N  Tl=21.4N  P=358W  t=1101s
[1115/1125] DONE  u1200_s0.60_a090_r900  T=32.2N  Tu=23.6N  Tl=8.6N  P=302W  t=1483s
[1110/1125] DONE  u1200_s0.60_a090_r750  T=28.1N  Tu=23.9N  Tl=4.2N  P=266W  t=1621s
[1104/1125] DONE  u1050_s0.60_a090_r600  T=20.4N  Tu=18.3N  Tl=2.0N  P=171W  t=1702s
[1119/1125] DONE  u1050_s0.60_a090_r1050  T=32.9N  Tu=17.5N  Tl=15.3N  P=286W  t=1464s
[1108/1125] DONE  u900_s0.60_a090_r750  T=19.8N  Tu=13.1N  Tl=6.7N  P=141W  t=1701s
[1105/1125] DONE  u1200_s0.60_a090_r600  T=25.1N  Tu=24.1N  Tl=0.9N  P=244W  t=1781s
[1125/1125] DONE  u1200_s0.60_a090_r1200  T=42.9N  Tu=22.9N  Tl=20.0N  P=426W  t=1214s
[1120/1125] DONE  u1200_s0.60_a090_r1050  T=37.0N  Tu=23.2N  Tl=13.8N  P=353W  t=1568s
[1114/1125] DONE  u1050_s0.60_a090_r900  T=27.7N  Tu=17.8N  Tl=10.0N  P=231W  t=1645s
[1111/1125] DONE  u600_s0.60_a090_r900  T=18.0N  Tu=5.1N  Tl=12.9N  P=119W  t=1829s
[1106/1125] DONE  u600_s0.60_a090_r750  T=14.1N  Tu=5.4N  Tl=8.7N  P=80W  t=1897s
[1112/1125] DONE  u750_s0.60_a090_r900  T=20.9N  Tu=8.6N  Tl=12.3N  P=144W  t=1827s
[1117/1125] DONE  u750_s0.60_a090_r1050  T=25.8N  Tu=8.3N  Tl=17.5N  P=200W  t=1724s
[1116/1125] DONE  u600_s0.60_a090_r1050  T=23.7N  Tu=5.2N  Tl=18.5N  P=179W  t=1738s
[1122/1125] DONE  u750_s0.60_a090_r1200  T=31.3N  Tu=7.9N  Tl=23.4N  P=273W  t=1547s
[1121/1125] DONE  u600_s0.60_a090_r1200  T=30.5N  Tu=5.5N  Tl=25.0N  P=263W  t=1594s
[1123/1125] DONE  u900_s0.60_a090_r1200  T=34.8N  Tu=12.1N  Tl=22.7N  P=310W  t=1477s

All done. Results: /home/david/OpenFOAM/ENGR412/2_co_rot_sweep/co_rot_results.csv
